
There are no discarded input sections

Memory Configuration

Name             Origin             Length             Attributes
ram              0x0000000080200000 0x0000000008000000 axrl!w
*default*        0x0000000000000000 0xffffffffffffffff

Linker script and memory map

LOAD entry.o
LOAD kerneltrap.o
LOAD switch.o
LOAD sbi.o
LOAD main.o
LOAD printk.o
LOAD trap.o
LOAD syscall.o
LOAD string.o
LOAD app.o
LOAD task.o
LOAD timer.o
LOAD printf.o
LOAD vsprintf.o
LOAD address.o
LOAD alloc.o
LOAD stack.o
LOAD assert.o
                0x0000000080200000                BASE_ADDRESS = 0x80200000
                0x0000000000000000                skernel = .

.text           0x0000000080200000     0x2000
 *(.text .text.*)
 .text          0x0000000080200000        0x0 entry.o
 .text.entry    0x0000000080200000        0xc entry.o
                0x0000000080200000                _start
 *fill*         0x000000008020000c        0x4 
 .text          0x0000000080200010       0xc6 kerneltrap.o
                0x0000000080200010                __alltraps
                0x0000000080200070                __restore
 .text          0x00000000802000d6       0x6a switch.o
                0x00000000802000d6                __switch
 .text          0x0000000080200140       0xe4 sbi.o
                0x0000000080200140                sbi_ecall
                0x00000000802001c4                sbi_console_putchar
                0x00000000802001f2                sbi_set_timer
 .text          0x0000000080200224       0x22 main.o
                0x0000000080200224                os_main
 .text          0x0000000080200246      0x142 printk.o
                0x0000000080200246                uart_puts
                0x0000000080200302                printk
                0x000000008020035a                panic
 .text          0x0000000080200388      0x10c trap.o
                0x00000000802003bc                trap_handler
                0x0000000080200474                trap_init
 .text          0x0000000080200494       0xf4 syscall.o
                0x0000000080200494                __SYSCALL
                0x000000008020051c                __sys_write
                0x000000008020055a                __sys_yield
                0x0000000080200570                __sys_gettime
 .text          0x0000000080200588       0xe2 string.o
                0x0000000080200588                strlen
                0x00000000802005c4                memcpy
                0x000000008020061a                memset
 .text          0x000000008020066a       0xae app.o
                0x000000008020066a                syscall
                0x000000008020069e                sys_write
                0x00000000802006d4                sys_yield
                0x00000000802006f6                sys_gettime
 .text          0x0000000080200718      0x43a task.o
                0x000000008020074c                tcx_init
                0x00000000802007c4                task_create
                0x00000000802008f6                schedule
                0x00000000802009fa                task_delay
                0x0000000080200a3c                run_first_task
                0x0000000080200a80                task1
                0x0000000080200ab4                task2
                0x0000000080200ae8                task3
                0x0000000080200b1c                task_init
 .text          0x0000000080200b52      0x120 timer.o
                0x0000000080200bd4                set_next_trigger
                0x0000000080200bfa                timer_init
                0x0000000080200c48                get_time_us
 .text          0x0000000080200c72       0xc2 printf.o
                0x0000000080200cdc                printf
 .text          0x0000000080200d34      0x430 vsprintf.o
                0x0000000080200d34                _vsnprintf
 .text          0x0000000080201164      0x7d6 address.o
                0x00000000802011aa                phys_addr_from_size_t
                0x00000000802011ce                phys_page_num_from_size_t
                0x00000000802011f2                size_t_from_phys_addr
                0x0000000080201208                size_t_from_phys_page_num
                0x000000008020121e                phys_addr_from_phys_page_num
                0x000000008020123e                virt_addr_from_size_t
                0x0000000080201262                virt_page_num_from_size_t
                0x0000000080201288                size_t_from_virt_addr
                0x00000000802012b6                size_t_from_virt_page_num
                0x00000000802012cc                virt_page_num_from_virt_addr
                0x00000000802012ec                floor_phys
                0x000000008020130c                ceil_phys
                0x0000000080201332                floor_virts
                0x0000000080201352                PageTableEntry_new
                0x0000000080201380                PageTableEntry_empty
                0x0000000080201396                PageTableEntry_ppn
                0x00000000802013c0                PageTableEntry_flags
                0x00000000802013dc                PageTableEntry_is_valid
                0x0000000080201412                get_bytes_array
                0x000000008020143a                get_pte_array
                0x0000000080201462                indexes_from_vpn
                0x00000000802014f0                find_pte_create
                0x00000000802015ba                find_pte
                0x0000000080201664                PageTable_map
                0x0000000080201752                PageTable_unmap
                0x00000000802017bc                kvmmake
                0x00000000802018b2                kvminit
                0x00000000802018d4                kvminithart
 .text          0x000000008020193a      0x1e0 alloc.o
                0x000000008020193a                StackFrameAllocator_init
                0x0000000080201978                StackFrameAllocator_alloc
                0x00000000802019fc                StackFrameAllocator_dealloc
                0x0000000080201a9e                frame_alloctor_init
 .text          0x0000000080201b1a      0x18e stack.o
                0x0000000080201b1a                initStack
                0x0000000080201b3a                isEmpty
                0x0000000080201b68                isFull
                0x0000000080201b9a                push
                0x0000000080201c04                pop
                0x0000000080201c60                top
 .text          0x0000000080201ca8       0x6c assert.o
                0x0000000080201cc6                assertion_failure
                0x0000000080202000                . = ALIGN (0x1000)
 *fill*         0x0000000080201d14      0x2ec 
                0x0000000080202000                PROVIDE (etext = .)

.rodata         0x0000000080202000      0x394
 *(.rodata .rodata.*)
 .rodata        0x0000000080202000       0x11 main.o
 *fill*         0x0000000080202011        0x7 
 .rodata        0x0000000080202018       0x32 printk.o
 *fill*         0x000000008020204a        0x6 
 .rodata        0x0000000080202050       0x3e trap.o
 *fill*         0x000000008020208e        0x2 
 .rodata        0x0000000080202090       0x3d syscall.o
 *fill*         0x00000000802020cd        0x3 
 .rodata        0x00000000802020d0       0xab task.o
 *fill*         0x000000008020217b        0x1 
 .rodata        0x000000008020217c       0x58 vsprintf.o
 *fill*         0x00000000802021d4        0x4 
 .rodata        0x00000000802021d8       0xba address.o
 *fill*         0x0000000080202292        0x6 
 .rodata        0x0000000080202298       0x50 alloc.o
 .rodata        0x00000000802022e8       0x38 stack.o
 .rodata        0x0000000080202320       0x74 assert.o

.rela.dyn       0x0000000080202398        0x0
 .rela.text     0x0000000080202398        0x0 entry.o

.data           0x0000000080202394      0xc6c
                0x0000000080203000                . = ALIGN (0x1000)
 *fill*         0x0000000080202394      0xc6c 
 *(.sdata .sdata.*)
 *(.data .data.*)
 .data          0x0000000080203000        0x0 entry.o
 .data          0x0000000080203000        0x0 kerneltrap.o
 .data          0x0000000080203000        0x0 switch.o
 .data          0x0000000080203000        0x0 sbi.o
 .data          0x0000000080203000        0x0 main.o
 .data          0x0000000080203000        0x0 printk.o
 .data          0x0000000080203000        0x0 trap.o
 .data          0x0000000080203000        0x0 syscall.o
 .data          0x0000000080203000        0x0 string.o
 .data          0x0000000080203000        0x0 app.o
 .data          0x0000000080203000        0x0 task.o
 .data          0x0000000080203000        0x0 timer.o
 .data          0x0000000080203000        0x0 printf.o
 .data          0x0000000080203000        0x0 vsprintf.o
 .data          0x0000000080203000        0x0 address.o
 .data          0x0000000080203000        0x0 alloc.o
 .data          0x0000000080203000        0x0 stack.o
 .data          0x0000000080203000        0x0 assert.o
                [!provide]                        PROVIDE (_data_end = .)

.bss            0x0000000080203000    0x4c528
 *(.sbss .sbss.*)
 .sbss          0x0000000080203000        0x8 address.o
                0x0000000080203000                kernel_pagetable
 *(.bss .bss.*)
 .bss           0x0000000080203008        0x0 entry.o
 .bss.stack     0x0000000080203008    0x10000 entry.o
                0x0000000080203008                boot_stack_lower_bound
                0x0000000080213008                boot_stack_top
 .bss           0x0000000080213008        0x0 kerneltrap.o
 .bss           0x0000000080213008        0x0 switch.o
 .bss           0x0000000080213008        0x0 sbi.o
 .bss           0x0000000080213008        0x0 main.o
 .bss           0x0000000080213008      0x3e8 printk.o
 .bss           0x00000000802133f0        0x0 trap.o
 .bss           0x00000000802133f0        0x0 syscall.o
 .bss           0x00000000802133f0        0x0 string.o
 .bss           0x00000000802133f0        0x0 app.o
 .bss           0x00000000802133f0    0x284b8 task.o
                0x00000000802133f0                KernelStack
                0x00000000802273f0                UserStack
                0x000000008023b3f0                tasks
 .bss           0x000000008023b8a8        0x0 timer.o
 .bss           0x000000008023b8a8      0x3e8 printf.o
 .bss           0x000000008023bc90        0x0 vsprintf.o
 .bss           0x000000008023bc90        0x0 address.o
 .bss           0x000000008023bc90    0x13898 alloc.o
                0x000000008023bc90                FrameAllocatorImpl
 .bss           0x000000008024f528        0x0 stack.o
 .bss           0x000000008024f528        0x0 assert.o
 *(COMMON)
                0x000000008024f528                PROVIDE (kernelend = .)
OUTPUT(os.elf elf64-littleriscv)

.riscv.attributes
                0x0000000000000000       0x6a
 .riscv.attributes
                0x0000000000000000       0x64 entry.o
 .riscv.attributes
                0x0000000000000064       0x68 kerneltrap.o
 .riscv.attributes
                0x00000000000000cc       0x64 switch.o
 .riscv.attributes
                0x0000000000000130       0x66 sbi.o
 .riscv.attributes
                0x0000000000000196       0x66 main.o
 .riscv.attributes
                0x00000000000001fc       0x66 printk.o
 .riscv.attributes
                0x0000000000000262       0x6a trap.o
 .riscv.attributes
                0x00000000000002cc       0x66 syscall.o
 .riscv.attributes
                0x0000000000000332       0x66 string.o
 .riscv.attributes
                0x0000000000000398       0x66 app.o
 .riscv.attributes
                0x00000000000003fe       0x6a task.o
 .riscv.attributes
                0x0000000000000468       0x6a timer.o
 .riscv.attributes
                0x00000000000004d2       0x66 printf.o
 .riscv.attributes
                0x0000000000000538       0x66 vsprintf.o
 .riscv.attributes
                0x000000000000059e       0x6a address.o
 .riscv.attributes
                0x0000000000000608       0x66 alloc.o
 .riscv.attributes
                0x000000000000066e       0x66 stack.o
 .riscv.attributes
                0x00000000000006d4       0x66 assert.o

.comment        0x0000000000000000        0xf
 .comment       0x0000000000000000        0xf sbi.o
                                         0x10 (size before relaxing)
 .comment       0x000000000000000f       0x10 main.o
 .comment       0x000000000000000f       0x10 printk.o
 .comment       0x000000000000000f       0x10 trap.o
 .comment       0x000000000000000f       0x10 syscall.o
 .comment       0x000000000000000f       0x10 string.o
 .comment       0x000000000000000f       0x10 app.o
 .comment       0x000000000000000f       0x10 task.o
 .comment       0x000000000000000f       0x10 timer.o
 .comment       0x000000000000000f       0x10 printf.o
 .comment       0x000000000000000f       0x10 vsprintf.o
 .comment       0x000000000000000f       0x10 address.o
 .comment       0x000000000000000f       0x10 alloc.o
 .comment       0x000000000000000f       0x10 stack.o
 .comment       0x000000000000000f       0x10 assert.o
