
There are no discarded input sections

Memory Configuration

Name             Origin             Length             Attributes
ram              0x0000000080200000 0x0000000008000000 axrl!w
*default*        0x0000000000000000 0xffffffffffffffff

Linker script and memory map

LOAD entry.o
LOAD kerneltrap.o
LOAD switch.o
LOAD sbi.o
LOAD main.o
LOAD printf.o
LOAD trap.o
LOAD syscall.o
LOAD string.o
LOAD app.o
LOAD task.o
LOAD timer.o

.text           0x0000000080200000     0x106e
 *(.text .text.*)
 .text          0x0000000080200000        0x0 entry.o
 .text.entry    0x0000000080200000        0xc entry.o
                0x0000000080200000                _start
 *fill*         0x000000008020000c        0x4 
 .text          0x0000000080200010       0xc6 kerneltrap.o
                0x0000000080200010                __alltraps
                0x0000000080200070                __restore
 .text          0x00000000802000d6       0x6a switch.o
                0x00000000802000d6                __switch
 .text          0x0000000080200140       0xe4 sbi.o
                0x0000000080200140                sbi_ecall
                0x00000000802001c4                sbi_console_putchar
                0x00000000802001f2                sbi_set_timer
 .text          0x0000000080200224       0x2e main.o
                0x0000000080200224                os_main
 .text          0x0000000080200252      0x572 printf.o
                0x0000000080200252                uart_puts
                0x000000008020073e                printf
                0x0000000080200796                panic
 .text          0x00000000802007c4      0x10c trap.o
                0x00000000802007f8                trap_handler
                0x00000000802008b0                trap_init
 .text          0x00000000802008d0       0xf4 syscall.o
                0x00000000802008d0                __SYSCALL
                0x0000000080200958                __sys_write
                0x0000000080200996                __sys_yield
                0x00000000802009ac                __sys_gettime
 .text          0x00000000802009c4       0x92 string.o
                0x00000000802009c4                strlen
                0x0000000080200a00                memcpy
 .text          0x0000000080200a56       0xbe app.o
                0x0000000080200a56                syscall
                0x0000000080200a9a                sys_write
                0x0000000080200ad0                sys_yield
                0x0000000080200af2                sys_gettime
 .text          0x0000000080200b14      0x43a task.o
                0x0000000080200b48                tcx_init
                0x0000000080200bc0                task_create
                0x0000000080200cf2                schedule
                0x0000000080200df6                task_delay
                0x0000000080200e38                run_first_task
                0x0000000080200e7c                task1
                0x0000000080200eb0                task2
                0x0000000080200ee4                task3
                0x0000000080200f18                task_init
 .text          0x0000000080200f4e      0x120 timer.o
                0x0000000080200fd0                set_next_trigger
                0x0000000080200ff6                timer_init
                0x0000000080201044                get_time_us

.rodata         0x0000000080201070      0x1cb
 *(.rodata .rodata.*)
 .rodata        0x0000000080201070       0x10 main.o
 .rodata        0x0000000080201080       0x8a printf.o
 *fill*         0x000000008020110a        0x6 
 .rodata        0x0000000080201110       0x3e trap.o
 *fill*         0x000000008020114e        0x2 
 .rodata        0x0000000080201150       0x3d syscall.o
 *fill*         0x000000008020118d        0x3 
 .rodata        0x0000000080201190       0xab task.o

.data           0x000000008020123b      0xdc5
                0x0000000080202000                . = ALIGN (0x1000)
 *fill*         0x000000008020123b      0xdc5 
 *(.sdata .sdata.*)
 *(.data .data.*)
 .data          0x0000000080202000        0x0 entry.o
 .data          0x0000000080202000        0x0 kerneltrap.o
 .data          0x0000000080202000        0x0 switch.o
 .data          0x0000000080202000        0x0 sbi.o
 .data          0x0000000080202000        0x0 main.o
 .data          0x0000000080202000        0x0 printf.o
 .data          0x0000000080202000        0x0 trap.o
 .data          0x0000000080202000        0x0 syscall.o
 .data          0x0000000080202000        0x0 string.o
 .data          0x0000000080202000        0x0 app.o
 .data          0x0000000080202000        0x0 task.o
 .data          0x0000000080202000        0x0 timer.o
                [!provide]                        PROVIDE (_data_end = .)

.bss            0x0000000080202000    0x388a0
 *(.sbss .sbss.*)
 *(.bss .bss.*)
 .bss           0x0000000080202000        0x0 entry.o
 .bss.stack     0x0000000080202000    0x10000 entry.o
                0x0000000080202000                boot_stack_lower_bound
                0x0000000080212000                boot_stack_top
 .bss           0x0000000080212000        0x0 kerneltrap.o
 .bss           0x0000000080212000        0x0 switch.o
 .bss           0x0000000080212000        0x0 sbi.o
 .bss           0x0000000080212000        0x0 main.o
 .bss           0x0000000080212000      0x3e8 printf.o
 .bss           0x00000000802123e8        0x0 trap.o
 .bss           0x00000000802123e8        0x0 syscall.o
 .bss           0x00000000802123e8        0x0 string.o
 .bss           0x00000000802123e8        0x0 app.o
 .bss           0x00000000802123e8    0x284b8 task.o
                0x00000000802123e8                KernelStack
                0x00000000802263e8                UserStack
                0x000000008023a3e8                tasks
 .bss           0x000000008023a8a0        0x0 timer.o
 *(COMMON)
OUTPUT(os.elf elf64-littleriscv)

.riscv.attributes
                0x0000000000000000       0x6a
 .riscv.attributes
                0x0000000000000000       0x64 entry.o
 .riscv.attributes
                0x0000000000000064       0x68 kerneltrap.o
 .riscv.attributes
                0x00000000000000cc       0x64 switch.o
 .riscv.attributes
                0x0000000000000130       0x66 sbi.o
 .riscv.attributes
                0x0000000000000196       0x66 main.o
 .riscv.attributes
                0x00000000000001fc       0x66 printf.o
 .riscv.attributes
                0x0000000000000262       0x6a trap.o
 .riscv.attributes
                0x00000000000002cc       0x66 syscall.o
 .riscv.attributes
                0x0000000000000332       0x66 string.o
 .riscv.attributes
                0x0000000000000398       0x66 app.o
 .riscv.attributes
                0x00000000000003fe       0x6a task.o
 .riscv.attributes
                0x0000000000000468       0x6a timer.o

.comment        0x0000000000000000        0xf
 .comment       0x0000000000000000        0xf sbi.o
                                         0x10 (size before relaxing)
 .comment       0x000000000000000f       0x10 main.o
 .comment       0x000000000000000f       0x10 printf.o
 .comment       0x000000000000000f       0x10 trap.o
 .comment       0x000000000000000f       0x10 syscall.o
 .comment       0x000000000000000f       0x10 string.o
 .comment       0x000000000000000f       0x10 app.o
 .comment       0x000000000000000f       0x10 task.o
 .comment       0x000000000000000f       0x10 timer.o
