
There are no discarded input sections

Memory Configuration

Name             Origin             Length             Attributes
*default*        0x0000000000000000 0xffffffffffffffff

Linker script and memory map

LOAD /tmp/ccWGGd0Z.o
LOAD /tmp/cciWLwe3.o
LOAD /tmp/cca1jgm1.o
LOAD /tmp/ccryfG92.o
LOAD /tmp/cc7WuNF0.o
                0x0000000000010000                BASE_ADDRESS = 0x10000
                0x0000000000010000                . = BASE_ADDRESS

.text           0x0000000000010000      0x6a8
 *(.text.entry)
 *(.text .text.*)
 .text          0x0000000000010000       0x26 /tmp/ccWGGd0Z.o
                0x0000000000010000                main
 .text          0x0000000000010026       0xc2 /tmp/cciWLwe3.o
                0x0000000000010090                printf
 .text          0x00000000000100e8       0xe2 /tmp/cca1jgm1.o
                0x00000000000100e8                strlen
                0x0000000000010124                memcpy
                0x000000000001017a                memset
 .text          0x00000000000101ca       0xae /tmp/ccryfG92.o
                0x00000000000101ca                syscall
                0x00000000000101fe                sys_write
                0x0000000000010234                sys_yield
                0x0000000000010256                sys_gettime
 .text          0x0000000000010278      0x430 /tmp/cc7WuNF0.o
                0x0000000000010278                _vsnprintf
                0x0000000000011000                . = ALIGN (0x1000)

.rodata         0x0000000000011000       0x6c
 *(.rodata .rodata.*)
 .rodata        0x0000000000011000       0x11 /tmp/ccWGGd0Z.o
 *fill*         0x0000000000011011        0x3 
 .rodata        0x0000000000011014       0x58 /tmp/cc7WuNF0.o
 *(.srodata .srodata.*)
                0x0000000000012000                . = ALIGN (0x1000)

.data           0x0000000000012000        0x0
 *(.data .data.*)
 .data          0x0000000000012000        0x0 /tmp/ccWGGd0Z.o
 .data          0x0000000000012000        0x0 /tmp/cciWLwe3.o
 .data          0x0000000000012000        0x0 /tmp/cca1jgm1.o
 .data          0x0000000000012000        0x0 /tmp/ccryfG92.o
 .data          0x0000000000012000        0x0 /tmp/cc7WuNF0.o
 *(.sdata .sdata.*)

.bss            0x0000000000012000      0x3e8
 *(.bss .bss.*)
 .bss           0x0000000000012000        0x0 /tmp/ccWGGd0Z.o
 .bss           0x0000000000012000      0x3e8 /tmp/cciWLwe3.o
 .bss           0x00000000000123e8        0x0 /tmp/cca1jgm1.o
 .bss           0x00000000000123e8        0x0 /tmp/ccryfG92.o
 .bss           0x00000000000123e8        0x0 /tmp/cc7WuNF0.o
 *(.sbss .sbss.*)

/DISCARD/
 *(.eh_frame)
 *(.debug*)
OUTPUT(bin/time elf64-littleriscv)

.comment        0x0000000000000000        0xf
 .comment       0x0000000000000000        0xf /tmp/ccWGGd0Z.o
                                         0x10 (size before relaxing)
 .comment       0x000000000000000f       0x10 /tmp/cciWLwe3.o
 .comment       0x000000000000000f       0x10 /tmp/cca1jgm1.o
 .comment       0x000000000000000f       0x10 /tmp/ccryfG92.o
 .comment       0x000000000000000f       0x10 /tmp/cc7WuNF0.o

.riscv.attributes
                0x0000000000000000       0x66
 .riscv.attributes
                0x0000000000000000       0x66 /tmp/ccWGGd0Z.o
 .riscv.attributes
                0x0000000000000066       0x66 /tmp/cciWLwe3.o
 .riscv.attributes
                0x00000000000000cc       0x66 /tmp/cca1jgm1.o
 .riscv.attributes
                0x0000000000000132       0x66 /tmp/ccryfG92.o
 .riscv.attributes
                0x0000000000000198       0x66 /tmp/cc7WuNF0.o
