
There are no discarded input sections

Memory Configuration

Name             Origin             Length             Attributes
*default*        0x0000000000000000 0xffffffffffffffff

Linker script and memory map

LOAD /tmp/cc657wg6.o
LOAD /tmp/cc7hhCW2.o
LOAD /tmp/cc2HL7G5.o
LOAD /tmp/ccQU82x6.o
LOAD /tmp/ccBCVi95.o
                0x0000000000010000                BASE_ADDRESS = 0x10000
                0x0000000000010000                . = BASE_ADDRESS

.text           0x0000000000010000      0x6a0
 *(.text.entry)
 *(.text .text.*)
 .text          0x0000000000010000       0x1e /tmp/cc657wg6.o
                0x0000000000010000                main
 .text          0x000000000001001e       0xc2 /tmp/cc7hhCW2.o
                0x0000000000010088                printf
 .text          0x00000000000100e0       0xe2 /tmp/cc2HL7G5.o
                0x00000000000100e0                strlen
                0x000000000001011c                memcpy
                0x0000000000010172                memset
 .text          0x00000000000101c2       0xae /tmp/ccQU82x6.o
                0x00000000000101c2                syscall
                0x00000000000101f6                sys_write
                0x000000000001022c                sys_yield
                0x000000000001024e                sys_gettime
 .text          0x0000000000010270      0x430 /tmp/ccBCVi95.o
                0x0000000000010270                _vsnprintf
                0x0000000000011000                . = ALIGN (0x1000)

.rodata         0x0000000000011000       0x70
 *(.rodata .rodata.*)
 .rodata        0x0000000000011000       0x18 /tmp/cc657wg6.o
 .rodata        0x0000000000011018       0x58 /tmp/ccBCVi95.o
 *(.srodata .srodata.*)
                0x0000000000012000                . = ALIGN (0x1000)

.data           0x0000000000012000        0x0
 *(.data .data.*)
 .data          0x0000000000012000        0x0 /tmp/cc657wg6.o
 .data          0x0000000000012000        0x0 /tmp/cc7hhCW2.o
 .data          0x0000000000012000        0x0 /tmp/cc2HL7G5.o
 .data          0x0000000000012000        0x0 /tmp/ccQU82x6.o
 .data          0x0000000000012000        0x0 /tmp/ccBCVi95.o
 *(.sdata .sdata.*)

.bss            0x0000000000012000      0x3e8
 *(.bss .bss.*)
 .bss           0x0000000000012000        0x0 /tmp/cc657wg6.o
 .bss           0x0000000000012000      0x3e8 /tmp/cc7hhCW2.o
 .bss           0x00000000000123e8        0x0 /tmp/cc2HL7G5.o
 .bss           0x00000000000123e8        0x0 /tmp/ccQU82x6.o
 .bss           0x00000000000123e8        0x0 /tmp/ccBCVi95.o
 *(.sbss .sbss.*)

/DISCARD/
 *(.eh_frame)
 *(.debug*)
OUTPUT(bin/write elf64-littleriscv)

.comment        0x0000000000000000        0xf
 .comment       0x0000000000000000        0xf /tmp/cc657wg6.o
                                         0x10 (size before relaxing)
 .comment       0x000000000000000f       0x10 /tmp/cc7hhCW2.o
 .comment       0x000000000000000f       0x10 /tmp/cc2HL7G5.o
 .comment       0x000000000000000f       0x10 /tmp/ccQU82x6.o
 .comment       0x000000000000000f       0x10 /tmp/ccBCVi95.o

.riscv.attributes
                0x0000000000000000       0x66
 .riscv.attributes
                0x0000000000000000       0x66 /tmp/cc657wg6.o
 .riscv.attributes
                0x0000000000000066       0x66 /tmp/cc7hhCW2.o
 .riscv.attributes
                0x00000000000000cc       0x66 /tmp/cc2HL7G5.o
 .riscv.attributes
                0x0000000000000132       0x66 /tmp/ccQU82x6.o
 .riscv.attributes
                0x0000000000000198       0x66 /tmp/ccBCVi95.o
